// Vitest Snapshot v1

exports[`Carousel > renders correctly without props 1`] = `<div />`;
