// Vitest Snapshot v1

exports[`BlurEffect > renders correctly without props 1`] = `
<div
  style={
    {
      "backgroundImage": "initial",
      "filter": "initial",
      "height": "100%",
      "left": 0,
      "top": 0,
      "width": "100%",
      "zIndex": 0,
    }
  }
/>
`;
