// Vitest Snapshot v1

exports[`CarouselMask > component renders correctly without props 1`] = `
<div
  className="carousel-mask--base"
/>
`;
