// Vitest Snapshot v1

exports[`LazyImage > renders correctly 1`] = `
<svg
  fontSize={24}
  height="1em"
  viewBox="0 0 100 100"
  width="1em"
  xmlns="http://www.w3.org/2000/svg"
>
  <rect
    fill="#787878"
    height={48}
    width={12}
    x={19}
    y={26}
  >
    <animate
      attributeName="y"
      begin="-0.22222222222222224s"
      calcMode="spline"
      dur="1.1111111111111112s"
      keySplines="0 0.5 0.5 1;0 0.5 0.5 1"
      keyTimes="0;0.5;1"
      repeatCount="indefinite"
      values="2;26;26"
    />
    <animate
      attributeName="height"
      begin="-0.22222222222222224s"
      calcMode="spline"
      dur="1.1111111111111112s"
      keySplines="0 0.5 0.5 1;0 0.5 0.5 1"
      keyTimes="0;0.5;1"
      repeatCount="indefinite"
      values="96;48;48"
    />
  </rect>
  <rect
    fill="#787878"
    height={48}
    width={12}
    x={44}
    y={26}
  >
    <animate
      attributeName="y"
      begin="-0.11111111111111112s"
      calcMode="spline"
      dur="1.1111111111111112s"
      keySplines="0 0.5 0.5 1;0 0.5 0.5 1"
      keyTimes="0;0.5;1"
      repeatCount="indefinite"
      values="8;26;26"
    />
    <animate
      attributeName="height"
      begin="-0.11111111111111112s"
      calcMode="spline"
      dur="1.1111111111111112s"
      keySplines="0 0.5 0.5 1;0 0.5 0.5 1"
      keyTimes="0;0.5;1"
      repeatCount="indefinite"
      values="84;48;48"
    />
  </rect>
  <rect
    fill="#787878"
    height={48}
    width={12}
    x={69}
    y={26}
  >
    <animate
      attributeName="y"
      calcMode="spline"
      dur="1.1111111111111112s"
      keySplines="0 0.5 0.5 1;0 0.5 0.5 1"
      keyTimes="0;0.5;1"
      repeatCount="indefinite"
      values="8;26;26"
    />
    <animate
      attributeName="height"
      calcMode="spline"
      dur="1.1111111111111112s"
      keySplines="0 0.5 0.5 1;0 0.5 0.5 1"
      keyTimes="0;0.5;1"
      repeatCount="indefinite"
      values="84;48;48"
    />
  </rect>
</svg>
`;
